Microchip MPLAB XC8 Compiler V3.00

Linker command line:

-W-3 \
  --edf=C:/Users/laman/.mchp_packs/Microchip/PIC18F-K_DFP/1.14.301/xc8\pic\dat\20241213203129_en.msgs \
  -pivt0x6008=06008h -cn \
  -h+dist/default/production\LCD_Display.X.production.sym \
  --cmf=dist/default/production\LCD_Display.X.production.cmf -z -Q18F47K42 \
  -oC:\Users\laman\AppData\Local\Temp\xcBs7s4.1\driver_tmp_3.o \
  --defsym=__MPLAB_BUILD=1 --fixupoverflow=error \
  -Mdist/default/production/LCD_Display.X.production.map \
  --md=C:\Users\laman\AppData\Local\Temp\xcBs7s4.1\driver_tmp_0.dat -E1 \
  -ver=XC8 Compiler -ACODE=00h-01FFFFh -ACONST=00h-01FFFFh \
  -ASMALLCONST=02000h-020FFhx224,012000h-0120FFhx224 \
  -AMEDIUMCONST=02000h-0FFFFh,012000h-01FFFFh -ACOMRAM=01h-05Fh \
  -AABS1=00h-01FFFh -ABIGRAM=01h-01FFFh -ARAM=060h-0FFh,0100h-01FFhx31 \
  -ABANK0=060h-0FFh -ABANK1=0100h-01FFh -ABANK2=0200h-02FFh \
  -ABANK3=0300h-03FFh -ABANK4=0400h-04FFh -ABANK5=0500h-05FFh \
  -ABANK6=0600h-06FFh -ABANK7=0700h-07FFh -ABANK8=0800h-08FFh \
  -ABANK9=0900h-09FFh -ABANK10=0A00h-0AFFh -ABANK11=0B00h-0BFFh \
  -ABANK12=0C00h-0CFFh -ABANK13=0D00h-0DFFh -ABANK14=0E00h-0EFFh \
  -ABANK15=0F00h-0FFFh -ABANK16=01000h-010FFh -ABANK17=01100h-011FFh \
  -ABANK18=01200h-012FFh -ABANK19=01300h-013FFh -ABANK20=01400h-014FFh \
  -ABANK21=01500h-015FFh -ABANK22=01600h-016FFh -ABANK23=01700h-017FFh \
  -ABANK24=01800h-018FFh -ABANK25=01900h-019FFh -ABANK26=01A00h-01AFFh \
  -ABANK27=01B00h-01BFFh -ABANK28=01C00h-01CFFh -ABANK29=01D00h-01DFFh \
  -ABANK30=01E00h-01EFFh -ABANK31=01F00h-01FFFh \
  -ASFR=03800h-038FFhx7,03F00h-03F5Fh,03F60h-03FFFh -ABIGSFR=03800h-03FFFh \
  -ACONFIG=0300000h-0300009h -AIDLOC=0200000h-020000Fh \
  -AEEDATA=0310000h-03103FFh -peeprom_data=EEDATA -preset_vec=00h \
  -ppowerup=CODE,init -pramtop=02000h -psmallconst=SMALLCONST \
  -pmediumconst=MEDIUMCONST -pconst=CONST -AFARRAM=00h-00h \
  -prdata=COMRAM,nvrram=COMRAM,nvbit=COMRAM,rbss=COMRAM,rbit=COMRAM \
  -pfarbss=FARRAM,fardata=FARRAM,nvFARRAM=FARRAM \
  -pintsave_regs=BIGRAM,bigbss=BIGRAM,bigdata=BIGRAM -pbss=RAM \
  -pidata=CODE,irdata=CODE,ibigdata=CODE,ifardata=CODE -prparam=COMRAM \
  C:\Users\laman\AppData\Local\Temp\xcBs7s4.1\driver_tmp_14.o \
  dist/default/production\LCD_Display.X.production.o 

Object code version is 3.11

Machine type is 18F47K42



                Name                               Link     Load   Length Selector   Space Scale
C:\Users\laman\AppData\Local\Temp\xcBs7s4.1\driver_tmp_14.o
                config                           300000   300000        A        0       4
                init                               60AE     60AE        4     3004       0
                reset_vec                             0        0        4        0       0
dist/default/production\LCD_Display.X.production.o
                config                           300000   300000        A        0       4
                smallconst                         2000     2000       52     1000       0
                ivt0x6008                          6008     6008       A6     3004       0
                text38                             73A4     73A4      44A     3004       0
                text37                             854E     854E      1B4     3004       0
                text36                             8B90     8B90       FA     22E4       0
                text35                             9548     9548       26     22E4       0
                text34                             93E8     93E8       3E     22E4       0
                text33                             9240     9240       4C     22E4       0
                text32                             9520     9520       28     22E4       0
                text31                             94CC     94CC       2C     22E4       0
                text30                             94F8     94F8       28     22E4       0
                text29                             90C2     90C2       74     22E4       0
                text28                             91EA     91EA       56     22E4       0
                text27                             8396     8396      1B8     3004       0
                text26                             8D50     8D50       C4     22E4       0
                text25                             8ECE     8ECE       B0     22E4       0
                text24                             9496     9496       36     22E4       0
                text23                             956E     956E        2     22E4       0
                text22                             8C8A     8C8A       C6     22E4       0
                text21                             9364     9364       44     22E4       0
                text20                             902A     902A       98     22E4       0
                text19                             8702     8702      17E     3004       0
                text18                             77EE     77EE      392     3004       0
                text17                             8F7E     8F7E       AC     22E4       0
                text16                             8988     8988      106     3004       0
                text15                             6F58     6F58      44C     3004       0
                text14                             9426     9426       3A     22E4       0
                text13                             6AA0     6AA0      4B8     3004       0
                text12                             931C     931C       48     22E4       0
                text11                             8880     8880      108     3004       0
                text10                             8A8E     8A8E      100     3004       0
                text9                              8180     8180      216     3004       0
                text8                              9192     9192       58     22E4       0
                text7                              9136     9136       5C     22E4       0
                text6                              92D4     92D4       48     22E4       0
                text5                              60B2     60B2      9EE     3004       0
                text4                              8E14     8E14       BA     22E4       0
                text3                              7B80     7B80      31A     3004       0
                text2                              928C     928C       48     22E4       0
                text1                              93A8     93A8       40     22E4       0
                text0                              7E9A     7E9A      2E6     3004       0
                cstackCOMRAM                          1        1       29        1       1
                cstackBANK0                          60       60       8B       60       1
                cstackBANK1                         150      150       13      100       1
                bssBANK1                            100      100       50      100       1
                bssBANK0                             EB       EB        E       60       1
                bssCOMRAM                            2A       2A       16        1       1
                cinit                              9460     9460       36     22E4       0

TOTAL           Name                               Link     Load   Length     Space
        CLASS   CODE           
                init                               60AE     60AE        4         0
                reset_vec                             0        0        4         0
                ivt0x6008                          6008     6008       A6         0
                text38                             73A4     73A4      44A         0
                text37                             854E     854E      1B4         0
                text36                             8B90     8B90       FA         0
                text35                             9548     9548       26         0
                text34                             93E8     93E8       3E         0
                text33                             9240     9240       4C         0
                text32                             9520     9520       28         0
                text31                             94CC     94CC       2C         0
                text30                             94F8     94F8       28         0
                text29                             90C2     90C2       74         0
                text28                             91EA     91EA       56         0
                text27                             8396     8396      1B8         0
                text26                             8D50     8D50       C4         0
                text25                             8ECE     8ECE       B0         0
                text24                             9496     9496       36         0
                text23                             956E     956E        2         0
                text22                             8C8A     8C8A       C6         0
                text21                             9364     9364       44         0
                text20                             902A     902A       98         0
                text19                             8702     8702      17E         0
                text18                             77EE     77EE      392         0
                text17                             8F7E     8F7E       AC         0
                text16                             8988     8988      106         0
                text15                             6F58     6F58      44C         0
                text14                             9426     9426       3A         0
                text13                             6AA0     6AA0      4B8         0
                text12                             931C     931C       48         0
                text11                             8880     8880      108         0
                text10                             8A8E     8A8E      100         0
                text9                              8180     8180      216         0
                text8                              9192     9192       58         0
                text7                              9136     9136       5C         0
                text6                              92D4     92D4       48         0
                text5                              60B2     60B2      9EE         0
                text4                              8E14     8E14       BA         0
                text3                              7B80     7B80      31A         0
                text2                              928C     928C       48         0
                text1                              93A8     93A8       40         0
                text0                              7E9A     7E9A      2E6         0
                cinit                              9460     9460       36         0

        CLASS   CONST          

        CLASS   SMALLCONST     
                smallconst                         2000     2000       52         0

        CLASS   MEDIUMCONST    

        CLASS   COMRAM         
                cstackCOMRAM                          1        1       29         1
                bssCOMRAM                            2A       2A       16         1

        CLASS   ABS1           

        CLASS   BIGRAM         

        CLASS   RAM            

        CLASS   BANK0          
                cstackBANK0                          60       60       8B         1
                bssBANK0                             EB       EB        E         1

        CLASS   BANK1          
                cstackBANK1                         150      150       13         1
                bssBANK1                            100      100       50         1

        CLASS   BANK2          

        CLASS   BANK3          

        CLASS   BANK4          

        CLASS   BANK5          

        CLASS   BANK6          

        CLASS   BANK7          

        CLASS   BANK8          

        CLASS   BANK9          

        CLASS   BANK10         

        CLASS   BANK11         

        CLASS   BANK12         

        CLASS   BANK13         

        CLASS   BANK14         

        CLASS   BANK15         

        CLASS   BANK16         

        CLASS   BANK17         

        CLASS   BANK18         

        CLASS   BANK19         

        CLASS   BANK20         

        CLASS   BANK21         

        CLASS   BANK22         

        CLASS   BANK23         

        CLASS   BANK24         

        CLASS   BANK25         

        CLASS   BANK26         

        CLASS   BANK27         

        CLASS   BANK28         

        CLASS   BANK29         

        CLASS   BANK30         

        CLASS   BANK31         

        CLASS   SFR            

        CLASS   BIGSFR         

        CLASS   CONFIG         
                config                           300000   300000        A         4

        CLASS   IDLOC          

        CLASS   EEDATA         

        CLASS   FARRAM         

        CLASS   HEAP           

        CLASS   STACK          



SEGMENTS        Name                           Load    Length   Top    Selector   Space  Class

                reset_vec                      000000  000004  000004         0       0  CODE    
                cstackCOMRAM                   000001  00003F  000040         1       1  COMRAM  
                cstackBANK0                    000060  000099  0000F9        60       1  BANK0   
                bssBANK1                       000100  000063  000163       100       1  BANK1   
                smallconst                     002000  000052  002052      1000       0  SMALLCON
                ivt0x6008                      006008  002B86  008B8E      3004       0  CODE    
                text36                         008B90  0009E0  009570      22E4       0  CODE    


UNUSED ADDRESS RANGES

        Name                Unused          Largest block    Delta
        BANK0            0000F9-0000FF                7
        BANK1            000163-0001FF               9D
        BANK10           000A00-000AFF              100
        BANK11           000B00-000BFF              100
        BANK12           000C00-000CFF              100
        BANK13           000D00-000DFF              100
        BANK14           000E00-000EFF              100
        BANK15           000F00-000FFF              100
        BANK16           001000-0010FF              100
        BANK17           001100-0011FF              100
        BANK18           001200-0012FF              100
        BANK19           001300-0013FF              100
        BANK2            000200-0002FF              100
        BANK20           001400-0014FF              100
        BANK21           001500-0015FF              100
        BANK22           001600-0016FF              100
        BANK23           001700-0017FF              100
        BANK24           001800-0018FF              100
        BANK25           001900-0019FF              100
        BANK26           001A00-001AFF              100
        BANK27           001B00-001BFF              100
        BANK28           001C00-001CFF              100
        BANK29           001D00-001DFF              100
        BANK3            000300-0003FF              100
        BANK30           001E00-001EFF              100
        BANK31           001F00-001FFF              100
        BANK4            000400-0004FF              100
        BANK5            000500-0005FF              100
        BANK6            000600-0006FF              100
        BANK7            000700-0007FF              100
        BANK8            000800-0008FF              100
        BANK9            000900-0009FF              100
        BIGRAM           000040-00005F               20
                         0000F9-0000FF                7
                         000163-001FFF             1E9D
        BIGSFR           003800-003FFF              800
        CODE             000004-001FFF             1FFC
                         002052-006007             3FB6
                         008B8E-008B8F                2
                         009570-01FFFF            16A90
        COMRAM           000040-00005F               20
        CONST            000004-001FFF             1FFC
                         002052-006007             3FB6
                         008B8E-008B8F                2
                         009570-01FFFF            16A90
        EEDATA           310000-3103FF              400
        IDLOC            200000-20000F               10
        MEDIUMCONST      002052-006007             3FB6
                         008B8E-008B8F                2
                         009570-00FFFF             6A90
                         012000-01FFFF             E000
        RAM              0000F9-0000FF                7
                         000163-001FFF              100
        SFR              003800-003FFF              100
        SMALLCONST       002052-006007              100
                         008B8E-008B8F                2
                         009570-00FFFF              100
                         012000-01FFFF              100

                                  Symbol Table

?___awdiv                   cstackBANK0  000060
?___awmod                   cstackBANK0  000060
?___fladd                   cstackBANK0  000060
?___fldiv                   cstackBANK0  000060
?___flmul                   cstackBANK0  00006E
?___flneg                   cstackBANK0  000060
?___flsub                   cstackBANK0  000087
?___fltol                   cstackBANK0  000060
?___fpclassifyf             cstackBANK0  000060
?___xxtofl                  cstackBANK0  000060
?_abs                       cstackBANK0  000066
?_floorf                    cstackBANK0  000079
?_labs                      cstackBANK0  000060
?_read_prec_or_width        cstackBANK0  000060
?_sprintf                   cstackBANK0  0000D6
?_vfprintf                  cstackBANK0  0000D2
?i2___flmul                 cstackCOMRAM 00000F
?i2___xxtofl                cstackCOMRAM 000001
IVTBASEH                    (abs)        003FD6
IVTBASEL                    (abs)        003FD5
IVTBASEU                    (abs)        003FD7
LCD_Char@dat                cstackBANK0  000066
LCD_Command@cmd             cstackBANK0  000066
LCD_String@msg              cstackBANK0  000067
LCD_String_xy@location      cstackBANK0  00006F
LCD_String_xy@msg           cstackBANK0  00006A
LCD_String_xy@pos           cstackBANK0  000069
LCD_String_xy@row           cstackBANK0  00006E
MSdelay@i                   cstackBANK0  000062
MSdelay@j                   cstackBANK0  000064
MSdelay@val                 cstackBANK0  000060
_ADACQH                     (abs)        003EF4
_ADACQL                     (abs)        003EF3
_ADCLK                      (abs)        003EFF
_ADCON0bits                 (abs)        003EF8
_ADC_Init                   text35       009548
_ADPCH                      (abs)        003EF1
_ADPREH                     (abs)        003EF7
_ADPREL                     (abs)        003EF6
_ADRESH                     (abs)        003EF0
_ADRESL                     (abs)        003EEF
_ANSELA                     (abs)        003A40
_ANSELAbits                 (abs)        003A40
_ANSELB                     (abs)        003A50
_ANSELC                     (abs)        003A60
_ANSELCbits                 (abs)        003A60
_ANSELD                     (abs)        003A70
_INLVLCbits                 (abs)        003A64
_INTCON0bits                (abs)        003FD2
_IOCCFbits                  (abs)        003A67
_IOCCNbits                  (abs)        003A66
_IOCCPbits                  (abs)        003A65
_IVTBASEH                   (abs)        003FD6
_IVTBASEL                   (abs)        003FD5
_IVTBASEU                   (abs)        003FD7
_Interrupt_Init             text34       0093E8
_LATB                       (abs)        003FBB
_LATCbits                   (abs)        003FBC
_LATD0                      (abs)        01FDE8
_LATD1                      (abs)        01FDE9
_LCD_Char                   text30       0094F8
_LCD_Command                text32       009520
_LCD_Init                   text31       0094CC
_LCD_String                 text29       0090C2
_LCD_String_xy              text28       0091EA
_LCD_String_xy$605          cstackBANK0  000070
_MSdelay                    text33       009240
_ODCONCbits                 (abs)        003A62
_PIE0bits                   (abs)        003990
_PIE1bits                   (abs)        003991
_PIR0bits                   (abs)        0039A0
_PIR1bits                   (abs)        0039A1
_PORTC                      (abs)        003FCC
_SLRCONCbits                (abs)        003A63
_TRISAbits                  (abs)        003FC2
_TRISB                      (abs)        003FC3
_TRISCbits                  (abs)        003FC4
_TRISD                      (abs)        003FC5
_WPUCbits                   (abs)        003A61
__HRAM                      (abs)        000000
__H__absolute__             __absolute__ 000000
__Habs1                     abs1         000000
__Hbank0                    bank0        000000
__Hbank1                    bank1        000000
__Hbank10                   bank10       000000
__Hbank11                   bank11       000000
__Hbank12                   bank12       000000
__Hbank13                   bank13       000000
__Hbank14                   bank14       000000
__Hbank15                   bank15       000000
__Hbank16                   bank16       000000
__Hbank17                   bank17       000000
__Hbank18                   bank18       000000
__Hbank19                   bank19       000000
__Hbank2                    bank2        000000
__Hbank20                   bank20       000000
__Hbank21                   bank21       000000
__Hbank22                   bank22       000000
__Hbank23                   bank23       000000
__Hbank24                   bank24       000000
__Hbank25                   bank25       000000
__Hbank26                   bank26       000000
__Hbank27                   bank27       000000
__Hbank28                   bank28       000000
__Hbank29                   bank29       000000
__Hbank3                    bank3        000000
__Hbank30                   bank30       000000
__Hbank31                   bank31       000000
__Hbank4                    bank4        000000
__Hbank5                    bank5        000000
__Hbank6                    bank6        000000
__Hbank7                    bank7        000000
__Hbank8                    bank8        000000
__Hbank9                    bank9        000000
__Hbigbss                   bigbss       000000
__Hbigdata                  bigdata      000000
__Hbigram                   bigram       000000
__Hbigsfr                   bigsfr       000000
__Hbss                      bss          000000
__HbssBANK0                 bssBANK0     000000
__HbssBANK1                 bssBANK1     000000
__HbssCOMRAM                bssCOMRAM    000000
__Hcinit                    cinit        000000
__Hclrtext                  clrtext      000000
__Hcomram                   comram       000000
__Hconfig                   config       30000A
__Hconst                    const        000000
__HcstackBANK0              cstackBANK0  000000
__HcstackBANK1              cstackBANK1  000000
__HcstackCOMRAM             cstackCOMRAM 000000
__Hdata                     data         000000
__Heeprom_data              eeprom_data  000000
__Hfarbss                   farbss       000000
__Hfardata                  fardata      000000
__Hheap                     heap         000000
__Hibigdata                 ibigdata     000000
__Hidata                    idata        000000
__Hidloc                    idloc        000000
__Hifardata                 ifardata     000000
__Hinit                     init         0060B2
__Hintsave_regs             intsave_regs 000000
__Hirdata                   irdata       000000
__Hivt0x6008                ivt0x6008    0060AE
__Hmediumconst              mediumconst  000000
__HnvFARRAM                 nvFARRAM     000000
__Hnvbit                    nvbit        000000
__Hnvrram                   nvrram       000000
__Hparam                    rparam       000000
__Hpowerup                  powerup      000000
__Hram                      ram          000000
__Hramtop                   ramtop       002000
__Hrbit                     rbit         000000
__Hrbss                     rbss         000000
__Hrdata                    rdata        000000
__Hreset_vec                reset_vec    000004
__Hrparam                   rparam       000000
__Hsfr                      sfr          000000
__Hsmallconst               smallconst   002052
__Hspace_0                  (abs)        009570
__Hspace_1                  (abs)        000163
__Hspace_2                  (abs)        000000
__Hspace_4                  (abs)        60000A
__Hstack                    stack        000000
__Hstruct                   struct       000000
__Htemp                     temp         000000
__Htext                     text         000000
__Htext0                    text0        000000
__Htext1                    text1        000000
__Htext10                   text10       000000
__Htext11                   text11       000000
__Htext12                   text12       000000
__Htext13                   text13       000000
__Htext14                   text14       000000
__Htext15                   text15       000000
__Htext16                   text16       000000
__Htext17                   text17       000000
__Htext18                   text18       000000
__Htext19                   text19       000000
__Htext2                    text2        000000
__Htext20                   text20       000000
__Htext21                   text21       000000
__Htext22                   text22       000000
__Htext23                   text23       000000
__Htext24                   text24       000000
__Htext25                   text25       000000
__Htext26                   text26       000000
__Htext27                   text27       000000
__Htext28                   text28       000000
__Htext29                   text29       000000
__Htext3                    text3        000000
__Htext30                   text30       000000
__Htext31                   text31       000000
__Htext32                   text32       000000
__Htext33                   text33       000000
__Htext34                   text34       000000
__Htext35                   text35       000000
__Htext36                   text36       000000
__Htext37                   text37       000000
__Htext38                   text38       000000
__Htext4                    text4        000000
__Htext5                    text5        000000
__Htext6                    text6        000000
__Htext7                    text7        000000
__Htext8                    text8        000000
__Htext9                    text9        000000
__LRAM                      (abs)        000001
__L__absolute__             __absolute__ 000000
__Labs1                     abs1         000000
__Lbank0                    bank0        000000
__Lbank1                    bank1        000000
__Lbank10                   bank10       000000
__Lbank11                   bank11       000000
__Lbank12                   bank12       000000
__Lbank13                   bank13       000000
__Lbank14                   bank14       000000
__Lbank15                   bank15       000000
__Lbank16                   bank16       000000
__Lbank17                   bank17       000000
__Lbank18                   bank18       000000
__Lbank19                   bank19       000000
__Lbank2                    bank2        000000
__Lbank20                   bank20       000000
__Lbank21                   bank21       000000
__Lbank22                   bank22       000000
__Lbank23                   bank23       000000
__Lbank24                   bank24       000000
__Lbank25                   bank25       000000
__Lbank26                   bank26       000000
__Lbank27                   bank27       000000
__Lbank28                   bank28       000000
__Lbank29                   bank29       000000
__Lbank3                    bank3        000000
__Lbank30                   bank30       000000
__Lbank31                   bank31       000000
__Lbank4                    bank4        000000
__Lbank5                    bank5        000000
__Lbank6                    bank6        000000
__Lbank7                    bank7        000000
__Lbank8                    bank8        000000
__Lbank9                    bank9        000000
__Lbigbss                   bigbss       000000
__Lbigdata                  bigdata      000000
__Lbigram                   bigram       000000
__Lbigsfr                   bigsfr       000000
__Lbss                      bss          000000
__LbssBANK0                 bssBANK0     000000
__LbssBANK1                 bssBANK1     000000
__LbssCOMRAM                bssCOMRAM    000000
__Lcinit                    cinit        000000
__Lclrtext                  clrtext      000000
__Lcomram                   comram       000000
__Lconfig                   config       000000
__Lconst                    const        000000
__LcstackBANK0              cstackBANK0  000000
__LcstackBANK1              cstackBANK1  000000
__LcstackCOMRAM             cstackCOMRAM 000000
__Ldata                     data         000000
__Leeprom_data              eeprom_data  000000
__Lfarbss                   farbss       000000
__Lfardata                  fardata      000000
__Lheap                     heap         000000
__Libigdata                 ibigdata     000000
__Lidata                    idata        000000
__Lidloc                    idloc        000000
__Lifardata                 ifardata     000000
__Linit                     init         0060AE
__Lintsave_regs             intsave_regs 000000
__Lirdata                   irdata       000000
__Livt0x6008                ivt0x6008    006008
__Lmediumconst              mediumconst  000000
__LnvFARRAM                 nvFARRAM     000000
__Lnvbit                    nvbit        000000
__Lnvrram                   nvrram       000000
__Lparam                    rparam       000000
__Lpowerup                  powerup      000000
__Lram                      ram          000000
__Lramtop                   ramtop       002000
__Lrbit                     rbit         000000
__Lrbss                     rbss         000000
__Lrdata                    rdata        000000
__Lreset_vec                reset_vec    000000
__Lrparam                   rparam       000000
__Lsfr                      sfr          000000
__Lsmallconst               smallconst   002000
__Lspace_0                  (abs)        000000
__Lspace_1                  (abs)        000000
__Lspace_2                  (abs)        000000
__Lspace_4                  (abs)        000000
__Lstack                    stack        000000
__Lstruct                   struct       000000
__Ltemp                     temp         000000
__Ltext                     text         000000
__Ltext0                    text0        000000
__Ltext1                    text1        000000
__Ltext10                   text10       000000
__Ltext11                   text11       000000
__Ltext12                   text12       000000
__Ltext13                   text13       000000
__Ltext14                   text14       000000
__Ltext15                   text15       000000
__Ltext16                   text16       000000
__Ltext17                   text17       000000
__Ltext18                   text18       000000
__Ltext19                   text19       000000
__Ltext2                    text2        000000
__Ltext20                   text20       000000
__Ltext21                   text21       000000
__Ltext22                   text22       000000
__Ltext23                   text23       000000
__Ltext24                   text24       000000
__Ltext25                   text25       000000
__Ltext26                   text26       000000
__Ltext27                   text27       000000
__Ltext28                   text28       000000
__Ltext29                   text29       000000
__Ltext3                    text3        000000
__Ltext30                   text30       000000
__Ltext31                   text31       000000
__Ltext32                   text32       000000
__Ltext33                   text33       000000
__Ltext34                   text34       000000
__Ltext35                   text35       000000
__Ltext36                   text36       000000
__Ltext37                   text37       000000
__Ltext38                   text38       000000
__Ltext4                    text4        000000
__Ltext5                    text5        000000
__Ltext6                    text6        000000
__Ltext7                    text7        000000
__Ltext8                    text8        000000
__Ltext9                    text9        000000
__S0                        (abs)        009570
__S1                        (abs)        000163
__S4                        (abs)        000000
__S5                        (abs)        000000
___awdiv                    text26       008D50
___awdiv@counter            cstackBANK0  000064
___awdiv@dividend           cstackBANK0  000060
___awdiv@divisor            cstackBANK0  000062
___awdiv@quotient           cstackBANK0  000066
___awdiv@sign               cstackBANK0  000065
___awmod                    text25       008ECE
___awmod@counter            cstackBANK0  000064
___awmod@dividend           cstackBANK0  000060
___awmod@divisor            cstackBANK0  000062
___awmod@sign               cstackBANK0  000065
___fladd                    text13       006AA0
___fladd@a                  cstackBANK0  000064
___fladd@aexp               cstackBANK0  00006D
___fladd@b                  cstackBANK0  000060
___fladd@bexp               cstackBANK0  00006E
___fladd@grs                cstackBANK0  00006F
___fladd@signs              cstackBANK0  00006C
___fldiv                    text18       0077EE
___fldiv@a                  cstackBANK0  000064
___fldiv@aexp               cstackBANK0  000078
___fldiv@b                  cstackBANK0  000060
___fldiv@bexp               cstackBANK0  000077
___fldiv@grs                cstackBANK0  000073
___fldiv@new_exp            cstackBANK0  000071
___fldiv@rem                cstackBANK0  00006C
___fldiv@sign               cstackBANK0  000070
___fleq                     text17       008F7E
___fleq@ff1                 cstackBANK0  000060
___fleq@ff2                 cstackBANK0  000064
___flge                     text16       008988
___flge@ff1                 cstackBANK0  000087
___flge@ff2                 cstackBANK0  00008B
___flmul                    text15       006F58
___flmul@a                  cstackBANK0  000072
___flmul@aexp               cstackBANK0  00007B
___flmul@b                  cstackBANK0  00006E
___flmul@bexp               cstackBANK0  000080
___flmul@grs                cstackBANK0  00007C
___flmul@prod               cstackBANK0  000081
___flmul@sign               cstackBANK0  00007A
___flmul@temp               cstackBANK0  000085
___flneg                    text14       009426
___flneg@f1                 cstackBANK0  000060
___flsub                    text12       00931C
___flsub@a                  cstackBANK0  00008B
___flsub@b                  cstackBANK0  000087
___fltol                    text11       008880
___fltol@exp1               cstackBANK0  000069
___fltol@f1                 cstackBANK0  000060
___fltol@sign1              cstackBANK0  000068
___fpclassifyf              text10       008A8E
___fpclassifyf@F465         bssCOMRAM    00002E
___fpclassifyf@e            cstackBANK0  000068
___fpclassifyf@u            cstackBANK0  00006A
___fpclassifyf@x            cstackBANK0  000060
___heap_hi                  (abs)        000000
___heap_lo                  (abs)        000000
___inthi_sp                 stack        000000
___inthi_stack_hi           stack        000000
___inthi_stack_lo           stack        000000
___intlo_sp                 stack        000000
___intlo_stack_hi           stack        000000
___intlo_stack_lo           stack        000000
___param_bank               (abs)        000000
___rparam_used              (abs)        000001
___sp                       stack        000000
___stack_hi                 stack        000000
___stack_lo                 stack        000000
___xxtofl                   text27       008396
___xxtofl@arg               cstackBANK0  00006A
___xxtofl@exp               cstackBANK0  000069
___xxtofl@sign              cstackBANK0  000068
___xxtofl@val               cstackBANK0  000060
__accesstop                 (abs)        000060
__activetblptr              (abs)        000003
__end_of_ADC_Init           text35       00956E
__end_of_Interrupt_Init     text34       009426
__end_of_LCD_Char           text30       009520
__end_of_LCD_Command        text32       009548
__end_of_LCD_Init           text31       0094F8
__end_of_LCD_String         text29       009136
__end_of_LCD_String_xy      text28       009240
__end_of_MSdelay            text33       00928C
__end_of___awdiv            text26       008E14
__end_of___awmod            text25       008F7E
__end_of___fladd            text13       006F58
__end_of___fldiv            text18       007B80
__end_of___fleq             text17       00902A
__end_of___flge             text16       008A8E
__end_of___flmul            text15       0073A4
__end_of___flneg            text14       009460
__end_of___flsub            text12       009364
__end_of___fltol            text11       008988
__end_of___fpclassifyf      text10       008B8E
__end_of___xxtofl           text27       00854E
__end_of__initialization    cinit        009490
__end_of_abs                text24       0094CC
__end_of_dtoa               text19       008880
__end_of_efgtoa             text5        006AA0
__end_of_floorf             text9        008396
__end_of_fputc              text22       008D50
__end_of_fputs              text21       0093A8
__end_of_labs               text8        0091EA
__end_of_main               text0        008180
__end_of_memcpy             text7        009192
__end_of_my_ISR             text36       008C8A
__end_of_pad                text20       0090C2
__end_of_putch              text23       009570
__end_of_read_prec_or_width text4        008ECE
__end_of_sprintf            text1        0093E8
__end_of_strcpy             text6        00931C
__end_of_vfpfcnvrt          text3        007E9A
__end_of_vfprintf           text2        0092D4
__end_ofi2___flmul          text38       0077EE
__end_ofi2___xxtofl         text37       008702
__initialization            cinit        009460
__mediumconst               smallconst   002000
__pbssBANK0                 bssBANK0     0000EB
__pbssBANK1                 bssBANK1     000100
__pbssCOMRAM                bssCOMRAM    00002A
__pcinit                    cinit        009460
__pcstackBANK0              cstackBANK0  000060
__pcstackBANK1              cstackBANK1  000150
__pcstackCOMRAM             cstackCOMRAM 000001
__pivt0x6008                ivt0x6008    006008
__psmallconst               smallconst   002000
__ptext0                    text0        007E9A
__ptext1                    text1        0093A8
__ptext10                   text10       008A8E
__ptext11                   text11       008880
__ptext12                   text12       00931C
__ptext13                   text13       006AA0
__ptext14                   text14       009426
__ptext15                   text15       006F58
__ptext16                   text16       008988
__ptext17                   text17       008F7E
__ptext18                   text18       0077EE
__ptext19                   text19       008702
__ptext2                    text2        00928C
__ptext20                   text20       00902A
__ptext21                   text21       009364
__ptext22                   text22       008C8A
__ptext23                   text23       00956E
__ptext24                   text24       009496
__ptext25                   text25       008ECE
__ptext26                   text26       008D50
__ptext27                   text27       008396
__ptext28                   text28       0091EA
__ptext29                   text29       0090C2
__ptext3                    text3        007B80
__ptext30                   text30       0094F8
__ptext31                   text31       0094CC
__ptext32                   text32       009520
__ptext33                   text33       009240
__ptext34                   text34       0093E8
__ptext35                   text35       009548
__ptext36                   text36       008B90
__ptext37                   text37       00854E
__ptext38                   text38       0073A4
__ptext4                    text4        008E14
__ptext5                    text5        0060B2
__ptext6                    text6        0092D4
__ptext7                    text7        009136
__ptext8                    text8        009192
__ptext9                    text9        008180
__ramtop                    ramtop       002000
__smallconst                smallconst   002000
_abs                        text24       009496
_adcReady                   bssBANK0     0000F8
_data                       bssCOMRAM    000036
_dbuf                       bssBANK1     000100
_digital                    bssBANK0     0000F3
_dtoa                       text19       008702
_dtoa$1270                  cstackBANK0  000079
_efgtoa                     text5        0060B2
_efgtoa$1301                cstackBANK0  0000A1
_flags                      bssBANK0     0000F5
_floorf                     text9        008180
_fputc                      text22       008C8A
_fputs                      text21       009364
_interruptTriggered         bssBANK0     0000F7
_labs                       text8        009192
_lux                        bssCOMRAM    000032
_main                       text0        007E9A
_memcpy                     text7        009136
_my_ISR                     text36       008B90
_pad                        text20       00902A
_prec                       bssBANK0     0000F1
_putch                      text23       00956E
_read_prec_or_width         text4        008E14
_sprintf                    text1        0093A8
_strcpy                     text6        0092D4
_systemState                bssBANK0     0000F6
_vfpfcnvrt                  text3        007B80
_vfprintf                   text2        00928C
_voltage                    bssBANK0     0000EB
_width                      bssBANK0     0000EF
abs@a                       cstackBANK0  000066
dtoa@d                      cstackBANK0  000077
dtoa@fp                     cstackBANK0  000076
dtoa@i                      cstackBANK0  000080
dtoa@p                      cstackBANK0  00007D
dtoa@s                      cstackBANK0  00007F
dtoa@w                      cstackBANK0  00007B
efgtoa@c                    cstackBANK0  000098
efgtoa@d                    cstackBANK0  0000A6
efgtoa@e                    cstackBANK0  0000AA
efgtoa@f                    cstackBANK0  000094
efgtoa@fp                   cstackBANK0  000093
efgtoa@g                    cstackBANK0  0000BD
efgtoa@h                    cstackBANK0  0000B4
efgtoa@i                    cstackBANK0  0000B2
efgtoa@l                    cstackBANK0  0000B8
efgtoa@m                    cstackBANK0  0000A8
efgtoa@mode                 cstackBANK0  0000A4
efgtoa@n                    cstackBANK0  0000C1
efgtoa@ne                   cstackBANK0  00009B
efgtoa@nmode                cstackBANK0  0000A5
efgtoa@ou                   cstackBANK0  0000AE
efgtoa@p                    cstackBANK0  00009D
efgtoa@pp                   cstackBANK0  0000A3
efgtoa@sign                 cstackBANK0  0000BC
efgtoa@t                    cstackBANK0  00009F
efgtoa@u                    cstackBANK0  0000C3
efgtoa@w                    cstackBANK0  0000AC
end_of_initialization       cinit        009490
floorf@F521                 bssCOMRAM    00002A
floorf@e                    cstackBANK0  000087
floorf@m                    cstackBANK0  000083
floorf@u                    cstackBANK0  000089
floorf@x                    cstackBANK0  000079
fputc@c                     cstackBANK0  000060
fputc@fp                    cstackBANK0  000062
fputs@c                     cstackBANK0  00006B
fputs@fp                    cstackBANK0  00006A
fputs@i                     cstackBANK0  00006C
fputs@s                     cstackBANK0  000068
i2___flmul                  text38       0073A4
i2___flmul@a                cstackCOMRAM 000013
i2___flmul@aexp             cstackCOMRAM 000020
i2___flmul@b                cstackCOMRAM 00000F
i2___flmul@bexp             cstackCOMRAM 000021
i2___flmul@grs              cstackCOMRAM 00001C
i2___flmul@prod             cstackCOMRAM 000022
i2___flmul@sign             cstackCOMRAM 00001B
i2___flmul@temp             cstackCOMRAM 000026
i2___xxtofl                 text37       00854E
i2___xxtofl@arg             cstackCOMRAM 00000B
i2___xxtofl@exp             cstackCOMRAM 00000A
i2___xxtofl@sign            cstackCOMRAM 000009
i2___xxtofl@val             cstackCOMRAM 000001
intlevel0                   text         000000
intlevel1                   text         000000
intlevel2                   text         000000
intlevel3                   text         000000
isa$std                     (abs)        000001
isa$xinst                   (abs)        000000
ivt0x6008_base              ivt0x6008    006008
ivt0x6008_undefint          ivt0x6008    0060AC
labs@a                      cstackBANK0  000060
main@countdownMsg           cstackBANK1  000150
main@secondsLeft            cstackBANK1  000161
memcpy@d                    cstackBANK0  000067
memcpy@d1                   cstackBANK0  000060
memcpy@n                    cstackBANK0  000064
memcpy@s                    cstackBANK0  000069
memcpy@s1                   cstackBANK0  000062
memcpy@tmp                  cstackBANK0  000066
pad@buf                     cstackBANK0  00006F
pad@fp                      cstackBANK0  00006E
pad@i                       cstackBANK0  000074
pad@p                       cstackBANK0  000071
read_prec_or_width@ap       cstackBANK0  000061
read_prec_or_width@c        cstackBANK0  000064
read_prec_or_width@fmt      cstackBANK0  000060
read_prec_or_width@n        cstackBANK0  000065
sprintf@ap                  cstackBANK0  0000DD
sprintf@f                   cstackBANK0  0000DE
sprintf@fmt                 cstackBANK0  0000D8
sprintf@s                   cstackBANK0  0000D6
stackhi                     (abs)        000000
stacklo                     (abs)        000000
start                       init         0060AE
start_initialization        cinit        009460
strcpy@d                    cstackBANK0  000064
strcpy@dest                 cstackBANK0  000060
strcpy@src                  cstackBANK0  000062
vfpfcnvrt@ap                cstackBANK0  0000C9
vfpfcnvrt@c                 cstackBANK0  0000D0
vfpfcnvrt@convarg           cstackBANK0  0000CC
vfpfcnvrt@cp                cstackBANK0  0000D1
vfpfcnvrt@done              cstackBANK0  0000CB
vfpfcnvrt@fmt               cstackBANK0  0000C8
vfpfcnvrt@fp                cstackBANK0  0000C7
vfprintf@ap                 cstackBANK0  0000D4
vfprintf@cfmt               cstackBANK0  0000D5
vfprintf@fmt                cstackBANK0  0000D3
vfprintf@fp                 cstackBANK0  0000D2


MODULE INFORMATION

Module		Function		Class		Link	Load	Size
C:\Program Files\Microchip\xc8\v3.00\pic\sources\c99\common\flge.c
		___flge        		CODE           	8988	0000	262

C:\Program Files\Microchip\xc8\v3.00\pic\sources\c99\common\flge.c estimated size: 262

C:\Program Files\Microchip\xc8\v3.00\pic\sources\c99\common\abs.c
		_abs           		CODE           	9496	0000	54

C:\Program Files\Microchip\xc8\v3.00\pic\sources\c99\common\abs.c estimated size: 54

C:\Program Files\Microchip\xc8\v3.00\pic\sources\c99\common\nf_fputc.c
		_fputc         		CODE           	8C8A	0000	198

C:\Program Files\Microchip\xc8\v3.00\pic\sources\c99\common\nf_fputc.c estimated size: 198

C:\Program Files\Microchip\xc8\v3.00\pic\sources\c99\common\memcpy.c
		_memcpy        		CODE           	9136	0000	92

C:\Program Files\Microchip\xc8\v3.00\pic\sources\c99\common\memcpy.c estimated size: 92

C:\Program Files\Microchip\xc8\v3.00\pic\sources\c99\common\flneg.c
		___flneg       		CODE           	9426	0000	58

C:\Program Files\Microchip\xc8\v3.00\pic\sources\c99\common\flneg.c estimated size: 58

C:\Program Files\Microchip\xc8\v3.00\pic\sources\c99\common\__fpclassifyf.c
		___fpclassifyf 		CODE           	8A8E	0000	256

C:\Program Files\Microchip\xc8\v3.00\pic\sources\c99\common\__fpclassifyf.c estimated size: 256

C:\Program Files\Microchip\xc8\v3.00\pic\sources\c99\common\nf_sprintf.c
		_sprintf       		CODE           	93A8	0000	64

C:\Program Files\Microchip\xc8\v3.00\pic\sources\c99\common\nf_sprintf.c estimated size: 64

C:\Program Files\Microchip\xc8\v3.00\pic\sources\c99\common\awmod.c
		___awmod       		CODE           	8ECE	0000	176

C:\Program Files\Microchip\xc8\v3.00\pic\sources\c99\common\awmod.c estimated size: 176

C:\Program Files\Microchip\xc8\v3.00\pic\sources\c99\common\floorf.c
		_floorf        		CODE           	8180	0000	534

C:\Program Files\Microchip\xc8\v3.00\pic\sources\c99\common\floorf.c estimated size: 534

C:\Program Files\Microchip\xc8\v3.00\pic\sources\c99\common\putch.c
		_putch         		CODE           	956E	0000	2

C:\Program Files\Microchip\xc8\v3.00\pic\sources\c99\common\putch.c estimated size: 2

C:\Program Files\Microchip\xc8\v3.00\pic\sources\c99\common\fleq.c
		___fleq        		CODE           	8F7E	0000	172

C:\Program Files\Microchip\xc8\v3.00\pic\sources\c99\common\fleq.c estimated size: 172

C:\Program Files\Microchip\xc8\v3.00\pic\sources\c99\common\sprcmul.c
		___flmul       		CODE           	6F58	0000	1100

C:\Program Files\Microchip\xc8\v3.00\pic\sources\c99\common\sprcmul.c estimated size: 1100

C:\Program Files\Microchip\xc8\v3.00\pic\sources\c99\common\sprcdiv.c
		___fldiv       		CODE           	77EE	0000	914

C:\Program Files\Microchip\xc8\v3.00\pic\sources\c99\common\sprcdiv.c estimated size: 914

shared
		__initialization		CODE           	9460	0000	48
		i2___flmul     		CODE           	73A4	0000	1098
		i2___xxtofl    		CODE           	854E	0000	436

shared estimated size: 1582

C:\Program Files\Microchip\xc8\v3.00\pic\sources\c99\common\xxtofl.c
		___xxtofl      		CODE           	8396	0000	440

C:\Program Files\Microchip\xc8\v3.00\pic\sources\c99\common\xxtofl.c estimated size: 440

C:\Program Files\Microchip\xc8\v3.00\pic\sources\c99\common\nf_fputs.c
		_fputs         		CODE           	9364	0000	68

C:\Program Files\Microchip\xc8\v3.00\pic\sources\c99\common\nf_fputs.c estimated size: 68

C:\Program Files\Microchip\xc8\v3.00\pic\sources\c99\common\strcpy.c
		_strcpy        		CODE           	92D4	0000	72

C:\Program Files\Microchip\xc8\v3.00\pic\sources\c99\common\strcpy.c estimated size: 72

C:\Program Files\Microchip\xc8\v3.00\pic\sources\c99\common\awdiv.c
		___awdiv       		CODE           	8D50	0000	196

C:\Program Files\Microchip\xc8\v3.00\pic\sources\c99\common\awdiv.c estimated size: 196

C:\Program Files\Microchip\xc8\v3.00\pic\sources\c99\common\fltol.c
		___fltol       		CODE           	8880	0000	264

C:\Program Files\Microchip\xc8\v3.00\pic\sources\c99\common\fltol.c estimated size: 264

C:\Program Files\Microchip\xc8\v3.00\pic\sources\c99\common\labs.c
		_labs          		CODE           	9192	0000	88

C:\Program Files\Microchip\xc8\v3.00\pic\sources\c99\common\labs.c estimated size: 88

main.c
		_LCD_String    		CODE           	90C2	0000	116
		_LCD_Init      		CODE           	94CC	0000	44
		_LCD_Command   		CODE           	9520	0000	40
		_LCD_String_xy 		CODE           	91EA	0000	86
		_main          		CODE           	7E9A	0000	742
		_LCD_Char      		CODE           	94F8	0000	40
		_Interrupt_Init		CODE           	93E8	0000	62
		_my_ISR        		CODE           	8B90	0000	250
		_MSdelay       		CODE           	9240	0000	76
		_ADC_Init      		CODE           	9548	0000	38

main.c estimated size: 1494

C:\Program Files\Microchip\xc8\v3.00\pic\sources\c99\common\doprnt.c
		_read_prec_or_width		CODE           	8E14	0000	186
		_vfpfcnvrt     		CODE           	7B80	0000	794
		_efgtoa        		CODE           	60B2	0000	2542
		_pad           		CODE           	902A	0000	152
		_dtoa          		CODE           	8702	0000	382
		_vfprintf      		CODE           	928C	0000	72

C:\Program Files\Microchip\xc8\v3.00\pic\sources\c99\common\doprnt.c estimated size: 4128

C:\Program Files\Microchip\xc8\v3.00\pic\sources\c99\common\sprcadd.c
		___flsub       		CODE           	931C	0000	72
		___fladd       		CODE           	6AA0	0000	1208

C:\Program Files\Microchip\xc8\v3.00\pic\sources\c99\common\sprcadd.c estimated size: 1280

